../Core/Src/main.c:83:5:__io_putchar	16	static
../Core/Src/main.c:102:5:main	24	static
../Core/Src/main.c:168:6:SystemClock_Config	88	static
../Core/Src/main.c:214:13:MX_ADC1_Init	24	static
../Core/Src/main.c:266:13:MX_I2C1_Init	8	static
../Core/Src/main.c:300:13:MX_SPI1_Init	8	static
../Core/Src/main.c:338:13:MX_TIM1_Init	80	static
../Core/Src/main.c:403:13:MX_USART2_UART_Init	8	static
../Core/Src/main.c:434:13:MX_DMA_Init	16	static
../Core/Src/main.c:452:13:MX_GPIO_Init	56	static
../Core/Src/main.c:559:6:HAL_GPIO_EXTI_Callback	16	static
../Core/Src/main.c:566:7:getBatteryVoltage	16	static
../Core/Src/main.c:571:6:updateMotorControl	24	static
../Core/Src/main.c:589:6:handleButtonClick	16	static
../Core/Src/main.c:626:6:stopMotors	4	static
../Core/Src/main.c:630:6:rotateMotorCCW	16	static
../Core/Src/main.c:636:6:rotateMotorCW	16	static
../Core/Src/main.c:648:6:Error_Handler	4	static,ignoring_inline_asm
