../Core/Src/main.c:81:5:__io_putchar	16	static
../Core/Src/main.c:94:5:main	24	static
../Core/Src/main.c:158:6:SystemClock_Config	88	static
../Core/Src/main.c:204:13:MX_ADC1_Init	24	static
../Core/Src/main.c:256:13:MX_I2C1_Init	8	static
../Core/Src/main.c:290:13:MX_I2S3_Init	8	static
../Core/Src/main.c:324:13:MX_SPI1_Init	8	static
../Core/Src/main.c:362:13:MX_TIM1_Init	80	static
../Core/Src/main.c:427:13:MX_USART2_UART_Init	8	static
../Core/Src/main.c:458:13:MX_DMA_Init	16	static
../Core/Src/main.c:476:13:MX_GPIO_Init	56	static
../Core/Src/main.c:577:6:Error_Handler	4	static,ignoring_inline_asm
